// Jest Snapshot v1, https://goo.gl/fbAQLP

exports[`Avatar renders correctly 1`] = `
<View
  style={
    [
      {
        "overflow": "hidden",
      },
      undefined,
    ]
  }
>
  <View
    style={
      [
        {
          "overflow": "hidden",
        },
        {
          "borderRadius": 50,
          "height": "100%",
          "width": "100%",
        },
      ]
    }
  >
    <FastImageView
      defaultSource={null}
      resizeMode="cover"
      source={
        {
          "priority": "normal",
          "uri": "https://www.gravatar.com/avatar/00a95fd18d173c5542ca052cc7ad9638/?s=150&d=mp",
        }
      }
      style={
        {
          "bottom": 0,
          "left": 0,
          "position": "absolute",
          "right": 0,
          "top": 0,
        }
      }
    />
  </View>
</View>
`;
