// Jest Snapshot v1, https://goo.gl/fbAQLP

exports[`Close renders correctly 1`] = `
<View
  accessibilityState={
    {
      "busy": undefined,
      "checked": undefined,
      "disabled": undefined,
      "expanded": undefined,
      "selected": undefined,
    }
  }
  accessibilityValue={
    {
      "max": undefined,
      "min": undefined,
      "now": undefined,
      "text": undefined,
    }
  }
  accessible={true}
  collapsable={false}
  focusable={true}
  onBlur={[Function]}
  onClick={[Function]}
  onFocus={[Function]}
  onResponderGrant={[Function]}
  onResponderMove={[Function]}
  onResponderRelease={[Function]}
  onResponderTerminate={[Function]}
  onResponderTerminationRequest={[Function]}
  onStartShouldSetResponder={[Function]}
  style={
    [
      {
        "left": 0,
        "padding": 12,
        "position": "absolute",
        "top": 0,
        "zIndex": 10,
      },
      undefined,
    ]
  }
>
  <View
    collapsable={false}
    entering={
      FadeIn {
        "build": [Function],
        "callbackV": undefined,
        "dampingRatioV": undefined,
        "dampingV": undefined,
        "delayV": 500,
        "durationV": undefined,
        "easingV": undefined,
        "initialValues": undefined,
        "massV": undefined,
        "overshootClampingV": undefined,
        "randomizeDelay": false,
        "reduceMotionV": "system",
        "restDisplacementThresholdV": undefined,
        "restSpeedThresholdV": undefined,
        "rotateV": undefined,
        "stiffnessV": undefined,
        "type": undefined,
      }
    }
    jestAnimatedStyle={
      {
        "value": {},
      }
    }
    style={
      {
        "alignItems": "center",
        "backgroundColor": "#fff",
        "borderRadius": 50,
        "height": 28,
        "justifyContent": "center",
        "width": 28,
      }
    }
  >
    <Text
      allowFontScaling={false}
      selectable={false}
      style={
        [
          {
            "color": "#666666",
            "fontSize": 21,
          },
          undefined,
          {
            "fontFamily": "Ionicons",
            "fontStyle": "normal",
            "fontWeight": "normal",
          },
          {},
        ]
      }
    >
      
    </Text>
  </View>
</View>
`;
