// Jest Snapshot v1, https://goo.gl/fbAQLP

exports[`MovieHorizontalList with items renders correctly 1`] = `
<RCTScrollView
  ListEmptyComponent={[Function]}
  contentContainerStyle={
    {
      "backgroundColor": "#ffffff",
      "paddingLeft": 10,
    }
  }
  data={
    [
      {
        "id": 1,
        "poster_path": "brWLt72DyKVNpgZuqJwsr78brj.jpg",
        "title": "Star Wars: Episode IV - A New Hope",
      },
      {
        "id": 2,
        "poster_path": "a1MlbLBk5Sy6YvMbSuKfwGlDVlb.jpg",
        "title": "Star Wars: Episode V - The Empire Strikes Back",
      },
      {
        "id": 3,
        "poster_path": "cPo5m7MmFVxgFVbO1gmfb74dGdj.jpg",
        "title": "Star Wars: Episode VI - Return of the Jedi",
      },
    ]
  }
  getItem={[Function]}
  getItemCount={[Function]}
  horizontal={true}
  keyExtractor={[Function]}
  keyboardShouldPersistTaps="handled"
  onContentSizeChange={[Function]}
  onLayout={[Function]}
  onMomentumScrollBegin={[Function]}
  onMomentumScrollEnd={[Function]}
  onScroll={[Function]}
  onScrollBeginDrag={[Function]}
  onScrollEndDrag={[Function]}
  removeClippedSubviews={false}
  renderItem={[Function]}
  scrollEventThrottle={50}
  showsHorizontalScrollIndicator={false}
  stickyHeaderIndices={[]}
  viewabilityConfigCallbackPairs={[]}
>
  <View>
    <View
      onFocusCapture={[Function]}
      onLayout={[Function]}
      style={
        [
          {
            "flexDirection": "row",
          },
          null,
        ]
      }
    >
      <View
        accessibilityState={
          {
            "busy": undefined,
            "checked": undefined,
            "disabled": undefined,
            "expanded": undefined,
            "selected": undefined,
          }
        }
        accessibilityValue={
          {
            "max": undefined,
            "min": undefined,
            "now": undefined,
            "text": undefined,
          }
        }
        accessible={true}
        collapsable={false}
        focusable={true}
        onBlur={[Function]}
        onClick={[Function]}
        onFocus={[Function]}
        onResponderGrant={[Function]}
        onResponderMove={[Function]}
        onResponderRelease={[Function]}
        onResponderTerminate={[Function]}
        onResponderTerminationRequest={[Function]}
        onStartShouldSetResponder={[Function]}
        style={
          {
            "alignItems": "center",
            "flexDirection": "column",
            "justifyContent": "flex-start",
            "marginRight": 10,
          }
        }
      >
        <View
          animatedStyle={
            {
              "value": {},
            }
          }
          collapsable={false}
          entering={[Function]}
          style={
            {
              "aspectRatio": "4/6",
              "backgroundColor": "#d1cecf",
              "borderRadius": 8,
              "width": 249.975,
            }
          }
        >
          <View
            style={
              {
                "alignItems": "center",
                "bottom": 0,
                "justifyContent": "center",
                "left": 0,
                "position": "absolute",
                "right": 0,
                "top": 0,
              }
            }
          >
            <Text
              style={
                {
                  "color": "#ffffff",
                  "fontSize": 16,
                  "fontWeight": "600",
                  "textAlign": "center",
                }
              }
            >
              Star Wars: Episode IV - A New Hope
            </Text>
          </View>
          <View
            style={
              [
                {
                  "overflow": "hidden",
                },
                [
                  {
                    "aspectRatio": "4/6",
                    "width": 249.975,
                  },
                  {
                    "borderRadius": 8,
                  },
                ],
              ]
            }
          >
            <FastImageView
              defaultSource={null}
              resizeMode="cover"
              source={
                {
                  "priority": "normal",
                  "uri": "https://image.tmdb.org/t/p/w342brWLt72DyKVNpgZuqJwsr78brj.jpg",
                }
              }
              style={
                {
                  "bottom": 0,
                  "left": 0,
                  "position": "absolute",
                  "right": 0,
                  "top": 0,
                }
              }
            />
          </View>
        </View>
      </View>
    </View>
    <View
      onFocusCapture={[Function]}
      onLayout={[Function]}
      style={
        [
          {
            "flexDirection": "row",
          },
          null,
        ]
      }
    >
      <View
        accessibilityState={
          {
            "busy": undefined,
            "checked": undefined,
            "disabled": undefined,
            "expanded": undefined,
            "selected": undefined,
          }
        }
        accessibilityValue={
          {
            "max": undefined,
            "min": undefined,
            "now": undefined,
            "text": undefined,
          }
        }
        accessible={true}
        collapsable={false}
        focusable={true}
        onBlur={[Function]}
        onClick={[Function]}
        onFocus={[Function]}
        onResponderGrant={[Function]}
        onResponderMove={[Function]}
        onResponderRelease={[Function]}
        onResponderTerminate={[Function]}
        onResponderTerminationRequest={[Function]}
        onStartShouldSetResponder={[Function]}
        style={
          {
            "alignItems": "center",
            "flexDirection": "column",
            "justifyContent": "flex-start",
            "marginRight": 10,
          }
        }
      >
        <View
          animatedStyle={
            {
              "value": {},
            }
          }
          collapsable={false}
          entering={[Function]}
          style={
            {
              "aspectRatio": "4/6",
              "backgroundColor": "#d1cecf",
              "borderRadius": 8,
              "width": 249.975,
            }
          }
        >
          <View
            style={
              {
                "alignItems": "center",
                "bottom": 0,
                "justifyContent": "center",
                "left": 0,
                "position": "absolute",
                "right": 0,
                "top": 0,
              }
            }
          >
            <Text
              style={
                {
                  "color": "#ffffff",
                  "fontSize": 16,
                  "fontWeight": "600",
                  "textAlign": "center",
                }
              }
            >
              Star Wars: Episode V - The Empire Strikes Back
            </Text>
          </View>
          <View
            style={
              [
                {
                  "overflow": "hidden",
                },
                [
                  {
                    "aspectRatio": "4/6",
                    "width": 249.975,
                  },
                  {
                    "borderRadius": 8,
                  },
                ],
              ]
            }
          >
            <FastImageView
              defaultSource={null}
              resizeMode="cover"
              source={
                {
                  "priority": "normal",
                  "uri": "https://image.tmdb.org/t/p/w342a1MlbLBk5Sy6YvMbSuKfwGlDVlb.jpg",
                }
              }
              style={
                {
                  "bottom": 0,
                  "left": 0,
                  "position": "absolute",
                  "right": 0,
                  "top": 0,
                }
              }
            />
          </View>
        </View>
      </View>
    </View>
    <View
      onFocusCapture={[Function]}
      onLayout={[Function]}
      style={
        [
          {
            "flexDirection": "row",
          },
          null,
        ]
      }
    >
      <View
        accessibilityState={
          {
            "busy": undefined,
            "checked": undefined,
            "disabled": undefined,
            "expanded": undefined,
            "selected": undefined,
          }
        }
        accessibilityValue={
          {
            "max": undefined,
            "min": undefined,
            "now": undefined,
            "text": undefined,
          }
        }
        accessible={true}
        collapsable={false}
        focusable={true}
        onBlur={[Function]}
        onClick={[Function]}
        onFocus={[Function]}
        onResponderGrant={[Function]}
        onResponderMove={[Function]}
        onResponderRelease={[Function]}
        onResponderTerminate={[Function]}
        onResponderTerminationRequest={[Function]}
        onStartShouldSetResponder={[Function]}
        style={
          {
            "alignItems": "center",
            "flexDirection": "column",
            "justifyContent": "flex-start",
            "marginRight": 10,
          }
        }
      >
        <View
          animatedStyle={
            {
              "value": {},
            }
          }
          collapsable={false}
          entering={[Function]}
          style={
            {
              "aspectRatio": "4/6",
              "backgroundColor": "#d1cecf",
              "borderRadius": 8,
              "width": 249.975,
            }
          }
        >
          <View
            style={
              {
                "alignItems": "center",
                "bottom": 0,
                "justifyContent": "center",
                "left": 0,
                "position": "absolute",
                "right": 0,
                "top": 0,
              }
            }
          >
            <Text
              style={
                {
                  "color": "#ffffff",
                  "fontSize": 16,
                  "fontWeight": "600",
                  "textAlign": "center",
                }
              }
            >
              Star Wars: Episode VI - Return of the Jedi
            </Text>
          </View>
          <View
            style={
              [
                {
                  "overflow": "hidden",
                },
                [
                  {
                    "aspectRatio": "4/6",
                    "width": 249.975,
                  },
                  {
                    "borderRadius": 8,
                  },
                ],
              ]
            }
          >
            <FastImageView
              defaultSource={null}
              resizeMode="cover"
              source={
                {
                  "priority": "normal",
                  "uri": "https://image.tmdb.org/t/p/w342cPo5m7MmFVxgFVbO1gmfb74dGdj.jpg",
                }
              }
              style={
                {
                  "bottom": 0,
                  "left": 0,
                  "position": "absolute",
                  "right": 0,
                  "top": 0,
                }
              }
            />
          </View>
        </View>
      </View>
    </View>
  </View>
</RCTScrollView>
`;

exports[`MovieHorizontalList without items renders correctly 1`] = `
<RCTScrollView
  ListEmptyComponent={[Function]}
  contentContainerStyle={
    {
      "backgroundColor": "#ffffff",
      "paddingLeft": 10,
    }
  }
  data={[]}
  getItem={[Function]}
  getItemCount={[Function]}
  horizontal={true}
  keyExtractor={[Function]}
  keyboardShouldPersistTaps="handled"
  onContentSizeChange={[Function]}
  onLayout={[Function]}
  onMomentumScrollBegin={[Function]}
  onMomentumScrollEnd={[Function]}
  onScroll={[Function]}
  onScrollBeginDrag={[Function]}
  onScrollEndDrag={[Function]}
  removeClippedSubviews={false}
  renderItem={[Function]}
  scrollEventThrottle={50}
  showsHorizontalScrollIndicator={false}
  stickyHeaderIndices={[]}
  viewabilityConfigCallbackPairs={[]}
>
  <View>
    <View
      style={
        {
          "flex": 1,
          "width": 730,
        }
      }
    >
      <View
        style={
          {
            "alignItems": "center",
            "justifyContent": "center",
            "padding": 20,
          }
        }
      >
        <Text
          numberOfLines={0}
          style={
            [
              {
                "color": "#181818",
                "fontSize": 26,
                "fontWeight": "700",
                "lineHeight": 28,
              },
              {
                "fontSize": 44,
                "lineHeight": 60,
              },
            ]
          }
        >
          🤷🏻‍♀️
        </Text>
        <Text
          numberOfLines={0}
          style={
            [
              {
                "color": "#181818",
                "fontSize": 18,
                "fontWeight": "600",
                "lineHeight": 24,
              },
              undefined,
            ]
          }
        >
          There are no results
        </Text>
      </View>
    </View>
  </View>
</RCTScrollView>
`;
