// Jest Snapshot v1, https://goo.gl/fbAQLP

exports[`PeopleList with items renders correctly 1`] = `
<RCTScrollView
  ListEmptyComponent={[Function]}
  contentContainerStyle={
    {
      "backgroundColor": "#ffffff",
      "paddingLeft": 10,
    }
  }
  data={
    [
      {
        "description": "Jedi",
        "id": 1,
        "name": "Luke Skywalker",
        "profile_path": "brWLt72DyKVNpgZuqJwsr78brj.jpg",
      },
      {
        "description": "Smuggler",
        "id": 2,
        "name": "Han Solo",
        "profile_path": "a1MlbLBk5Sy6YvMbSuKfwGlDVlb.jpg",
      },
      {
        "description": "Droid",
        "id": 3,
        "name": "C3PO",
        "profile_path": "cPo5m7MmFVxgFVbO1gmfb74dGdj.jpg",
      },
    ]
  }
  getItem={[Function]}
  getItemCount={[Function]}
  horizontal={true}
  keyExtractor={[Function]}
  keyboardShouldPersistTaps="handled"
  onContentSizeChange={[Function]}
  onLayout={[Function]}
  onMomentumScrollBegin={[Function]}
  onMomentumScrollEnd={[Function]}
  onScroll={[Function]}
  onScrollBeginDrag={[Function]}
  onScrollEndDrag={[Function]}
  removeClippedSubviews={false}
  renderItem={[Function]}
  scrollEventThrottle={50}
  showsHorizontalScrollIndicator={false}
  stickyHeaderIndices={[]}
  viewabilityConfigCallbackPairs={[]}
>
  <View>
    <View
      onFocusCapture={[Function]}
      onLayout={[Function]}
      style={
        [
          {
            "flexDirection": "row",
          },
          null,
        ]
      }
    >
      <View
        accessibilityState={
          {
            "busy": undefined,
            "checked": undefined,
            "disabled": undefined,
            "expanded": undefined,
            "selected": undefined,
          }
        }
        accessibilityValue={
          {
            "max": undefined,
            "min": undefined,
            "now": undefined,
            "text": undefined,
          }
        }
        accessible={true}
        collapsable={false}
        focusable={true}
        onBlur={[Function]}
        onClick={[Function]}
        onFocus={[Function]}
        onResponderGrant={[Function]}
        onResponderMove={[Function]}
        onResponderRelease={[Function]}
        onResponderTerminate={[Function]}
        onResponderTerminationRequest={[Function]}
        onStartShouldSetResponder={[Function]}
        style={
          {
            "alignItems": "center",
            "flexDirection": "column",
            "justifyContent": "flex-start",
            "width": 90,
          }
        }
      >
        <View
          animatedStyle={
            {
              "value": {},
            }
          }
          collapsable={false}
          entering={[Function]}
          style={
            {
              "aspectRatio": "1",
              "backgroundColor": "#d1cecf",
              "borderRadius": 50,
              "height": 70,
              "width": 70,
            }
          }
        >
          <View
            style={
              {
                "alignItems": "center",
                "bottom": 0,
                "justifyContent": "center",
                "left": 0,
                "position": "absolute",
                "right": 0,
                "top": 0,
              }
            }
          >
            <Text
              style={
                {
                  "color": "#ffffff",
                  "fontSize": 16,
                  "fontWeight": "600",
                  "textAlign": "center",
                }
              }
            />
          </View>
          <CMIFColorMatrixImageFilter
            matrix={
              [
                0.2126,
                0.7152,
                0.0722,
                0,
                0,
                0.2126,
                0.7152,
                0.0722,
                0,
                0,
                0.2126,
                0.7152,
                0.0722,
                0,
                0,
                0,
                0,
                0,
                1,
                0,
              ]
            }
            style={
              [
                {
                  "backgroundColor": "#fff0",
                },
                undefined,
              ]
            }
          >
            <View
              style={
                [
                  {
                    "overflow": "hidden",
                  },
                  {
                    "aspectRatio": "1",
                    "borderRadius": 50,
                    "height": 70,
                    "width": 70,
                  },
                ]
              }
            >
              <FastImageView
                defaultSource={null}
                resizeMode="cover"
                source={
                  {
                    "priority": "normal",
                    "uri": "https://image.tmdb.org/t/p/w185brWLt72DyKVNpgZuqJwsr78brj.jpg",
                  }
                }
                style={
                  {
                    "bottom": 0,
                    "left": 0,
                    "position": "absolute",
                    "right": 0,
                    "top": 0,
                  }
                }
              />
            </View>
          </CMIFColorMatrixImageFilter>
        </View>
        <Text
          numberOfLines={2}
          style={
            [
              {
                "color": "#181818",
                "fontSize": 14,
                "fontWeight": "700",
                "lineHeight": 17,
              },
              {
                "color": "#6e6969",
                "marginHorizontal": 2,
                "marginTop": 7,
                "textAlign": "center",
              },
            ]
          }
        >
          Luke Skywalker
        </Text>
        <Text
          numberOfLines={2}
          style={
            [
              {
                "color": "#181818",
                "fontSize": 14,
                "fontWeight": "600",
                "lineHeight": 17,
              },
              {
                "color": "#999999",
                "marginHorizontal": 2,
                "marginTop": 3,
                "textAlign": "center",
              },
            ]
          }
        >
          Jedi
        </Text>
      </View>
    </View>
    <View
      onFocusCapture={[Function]}
      onLayout={[Function]}
      style={
        [
          {
            "flexDirection": "row",
          },
          null,
        ]
      }
    >
      <View
        accessibilityState={
          {
            "busy": undefined,
            "checked": undefined,
            "disabled": undefined,
            "expanded": undefined,
            "selected": undefined,
          }
        }
        accessibilityValue={
          {
            "max": undefined,
            "min": undefined,
            "now": undefined,
            "text": undefined,
          }
        }
        accessible={true}
        collapsable={false}
        focusable={true}
        onBlur={[Function]}
        onClick={[Function]}
        onFocus={[Function]}
        onResponderGrant={[Function]}
        onResponderMove={[Function]}
        onResponderRelease={[Function]}
        onResponderTerminate={[Function]}
        onResponderTerminationRequest={[Function]}
        onStartShouldSetResponder={[Function]}
        style={
          {
            "alignItems": "center",
            "flexDirection": "column",
            "justifyContent": "flex-start",
            "width": 90,
          }
        }
      >
        <View
          animatedStyle={
            {
              "value": {},
            }
          }
          collapsable={false}
          entering={[Function]}
          style={
            {
              "aspectRatio": "1",
              "backgroundColor": "#d1cecf",
              "borderRadius": 50,
              "height": 70,
              "width": 70,
            }
          }
        >
          <View
            style={
              {
                "alignItems": "center",
                "bottom": 0,
                "justifyContent": "center",
                "left": 0,
                "position": "absolute",
                "right": 0,
                "top": 0,
              }
            }
          >
            <Text
              style={
                {
                  "color": "#ffffff",
                  "fontSize": 16,
                  "fontWeight": "600",
                  "textAlign": "center",
                }
              }
            />
          </View>
          <CMIFColorMatrixImageFilter
            matrix={
              [
                0.2126,
                0.7152,
                0.0722,
                0,
                0,
                0.2126,
                0.7152,
                0.0722,
                0,
                0,
                0.2126,
                0.7152,
                0.0722,
                0,
                0,
                0,
                0,
                0,
                1,
                0,
              ]
            }
            style={
              [
                {
                  "backgroundColor": "#fff0",
                },
                undefined,
              ]
            }
          >
            <View
              style={
                [
                  {
                    "overflow": "hidden",
                  },
                  {
                    "aspectRatio": "1",
                    "borderRadius": 50,
                    "height": 70,
                    "width": 70,
                  },
                ]
              }
            >
              <FastImageView
                defaultSource={null}
                resizeMode="cover"
                source={
                  {
                    "priority": "normal",
                    "uri": "https://image.tmdb.org/t/p/w185a1MlbLBk5Sy6YvMbSuKfwGlDVlb.jpg",
                  }
                }
                style={
                  {
                    "bottom": 0,
                    "left": 0,
                    "position": "absolute",
                    "right": 0,
                    "top": 0,
                  }
                }
              />
            </View>
          </CMIFColorMatrixImageFilter>
        </View>
        <Text
          numberOfLines={2}
          style={
            [
              {
                "color": "#181818",
                "fontSize": 14,
                "fontWeight": "700",
                "lineHeight": 17,
              },
              {
                "color": "#6e6969",
                "marginHorizontal": 2,
                "marginTop": 7,
                "textAlign": "center",
              },
            ]
          }
        >
          Han Solo
        </Text>
        <Text
          numberOfLines={2}
          style={
            [
              {
                "color": "#181818",
                "fontSize": 14,
                "fontWeight": "600",
                "lineHeight": 17,
              },
              {
                "color": "#999999",
                "marginHorizontal": 2,
                "marginTop": 3,
                "textAlign": "center",
              },
            ]
          }
        >
          Smuggler
        </Text>
      </View>
    </View>
    <View
      onFocusCapture={[Function]}
      onLayout={[Function]}
      style={
        [
          {
            "flexDirection": "row",
          },
          null,
        ]
      }
    >
      <View
        accessibilityState={
          {
            "busy": undefined,
            "checked": undefined,
            "disabled": undefined,
            "expanded": undefined,
            "selected": undefined,
          }
        }
        accessibilityValue={
          {
            "max": undefined,
            "min": undefined,
            "now": undefined,
            "text": undefined,
          }
        }
        accessible={true}
        collapsable={false}
        focusable={true}
        onBlur={[Function]}
        onClick={[Function]}
        onFocus={[Function]}
        onResponderGrant={[Function]}
        onResponderMove={[Function]}
        onResponderRelease={[Function]}
        onResponderTerminate={[Function]}
        onResponderTerminationRequest={[Function]}
        onStartShouldSetResponder={[Function]}
        style={
          {
            "alignItems": "center",
            "flexDirection": "column",
            "justifyContent": "flex-start",
            "width": 90,
          }
        }
      >
        <View
          animatedStyle={
            {
              "value": {},
            }
          }
          collapsable={false}
          entering={[Function]}
          style={
            {
              "aspectRatio": "1",
              "backgroundColor": "#d1cecf",
              "borderRadius": 50,
              "height": 70,
              "width": 70,
            }
          }
        >
          <View
            style={
              {
                "alignItems": "center",
                "bottom": 0,
                "justifyContent": "center",
                "left": 0,
                "position": "absolute",
                "right": 0,
                "top": 0,
              }
            }
          >
            <Text
              style={
                {
                  "color": "#ffffff",
                  "fontSize": 16,
                  "fontWeight": "600",
                  "textAlign": "center",
                }
              }
            />
          </View>
          <CMIFColorMatrixImageFilter
            matrix={
              [
                0.2126,
                0.7152,
                0.0722,
                0,
                0,
                0.2126,
                0.7152,
                0.0722,
                0,
                0,
                0.2126,
                0.7152,
                0.0722,
                0,
                0,
                0,
                0,
                0,
                1,
                0,
              ]
            }
            style={
              [
                {
                  "backgroundColor": "#fff0",
                },
                undefined,
              ]
            }
          >
            <View
              style={
                [
                  {
                    "overflow": "hidden",
                  },
                  {
                    "aspectRatio": "1",
                    "borderRadius": 50,
                    "height": 70,
                    "width": 70,
                  },
                ]
              }
            >
              <FastImageView
                defaultSource={null}
                resizeMode="cover"
                source={
                  {
                    "priority": "normal",
                    "uri": "https://image.tmdb.org/t/p/w185cPo5m7MmFVxgFVbO1gmfb74dGdj.jpg",
                  }
                }
                style={
                  {
                    "bottom": 0,
                    "left": 0,
                    "position": "absolute",
                    "right": 0,
                    "top": 0,
                  }
                }
              />
            </View>
          </CMIFColorMatrixImageFilter>
        </View>
        <Text
          numberOfLines={2}
          style={
            [
              {
                "color": "#181818",
                "fontSize": 14,
                "fontWeight": "700",
                "lineHeight": 17,
              },
              {
                "color": "#6e6969",
                "marginHorizontal": 2,
                "marginTop": 7,
                "textAlign": "center",
              },
            ]
          }
        >
          C3PO
        </Text>
        <Text
          numberOfLines={2}
          style={
            [
              {
                "color": "#181818",
                "fontSize": 14,
                "fontWeight": "600",
                "lineHeight": 17,
              },
              {
                "color": "#999999",
                "marginHorizontal": 2,
                "marginTop": 3,
                "textAlign": "center",
              },
            ]
          }
        >
          Droid
        </Text>
      </View>
    </View>
  </View>
</RCTScrollView>
`;

exports[`PeopleList without items renders correctly 1`] = `
<RCTScrollView
  ListEmptyComponent={[Function]}
  contentContainerStyle={
    {
      "backgroundColor": "#ffffff",
      "paddingLeft": 10,
    }
  }
  data={[]}
  getItem={[Function]}
  getItemCount={[Function]}
  horizontal={true}
  keyExtractor={[Function]}
  keyboardShouldPersistTaps="handled"
  onContentSizeChange={[Function]}
  onLayout={[Function]}
  onMomentumScrollBegin={[Function]}
  onMomentumScrollEnd={[Function]}
  onScroll={[Function]}
  onScrollBeginDrag={[Function]}
  onScrollEndDrag={[Function]}
  removeClippedSubviews={false}
  renderItem={[Function]}
  scrollEventThrottle={50}
  showsHorizontalScrollIndicator={false}
  stickyHeaderIndices={[]}
  viewabilityConfigCallbackPairs={[]}
>
  <View>
    <View
      style={
        {
          "flex": 1,
          "width": 730,
        }
      }
    >
      <View
        style={
          {
            "alignItems": "center",
            "justifyContent": "center",
            "padding": 20,
          }
        }
      >
        <Text
          numberOfLines={0}
          style={
            [
              {
                "color": "#181818",
                "fontSize": 26,
                "fontWeight": "700",
                "lineHeight": 28,
              },
              {
                "fontSize": 44,
                "lineHeight": 60,
              },
            ]
          }
        >
          🤷🏻‍♀️
        </Text>
        <Text
          numberOfLines={0}
          style={
            [
              {
                "color": "#181818",
                "fontSize": 18,
                "fontWeight": "600",
                "lineHeight": 24,
              },
              undefined,
            ]
          }
        >
          There are no results
        </Text>
      </View>
    </View>
  </View>
</RCTScrollView>
`;
