// Jest Snapshot v1, https://goo.gl/fbAQLP

exports[`Poster renders correctly 1`] = `
[
  <BlurView
    blurAmount={15}
    blurType="light"
    reducedTransparencyFallbackColor="#ffffff"
    style={
      [
        {
          "backgroundColor": "transparent",
        },
        [
          {
            "bottom": 0,
            "left": 0,
            "position": "absolute",
            "right": 0,
            "top": 0,
          },
          {
            "backgroundColor": "rgba(255, 255, 255, 0.7)",
          },
        ],
      ]
    }
  />,
  <View
    style={
      {
        "paddingBottom": 24,
        "paddingHorizontal": 36,
        "paddingVertical": 24,
      }
    }
  >
    <View
      animatedStyle={
        {
          "value": {},
        }
      }
      collapsable={false}
      entering={
        FadeIn {
          "build": [Function],
          "callbackV": undefined,
          "dampingRatioV": undefined,
          "dampingV": undefined,
          "delayV": 250,
          "durationV": undefined,
          "easingV": undefined,
          "initialValues": undefined,
          "massV": undefined,
          "overshootClampingV": undefined,
          "randomizeDelay": false,
          "reduceMotionV": "system",
          "restDisplacementThresholdV": undefined,
          "restSpeedThresholdV": undefined,
          "rotateV": undefined,
          "stiffnessV": undefined,
          "type": undefined,
        }
      }
      exiting={[Function]}
      style={
        {
          "alignSelf": "center",
          "aspectRatio": "4/6",
          "backgroundColor": "#fafafa",
          "borderRadius": 12,
          "elevation": 3,
          "shadowColor": "#181818",
          "shadowOffset": {
            "height": 5,
            "width": 2,
          },
          "shadowOpacity": 0.7,
          "shadowRadius": 25,
          "width": 525,
        }
      }
    >
      <View
        style={
          {
            "alignItems": "center",
            "bottom": 0,
            "justifyContent": "center",
            "left": 0,
            "position": "absolute",
            "right": 0,
            "top": 0,
          }
        }
      >
        <Text
          style={
            {
              "color": "#999999",
              "fontSize": 16,
              "fontWeight": "600",
              "textAlign": "center",
            }
          }
        />
      </View>
      <View
        style={
          [
            {
              "overflow": "hidden",
            },
            {
              "alignSelf": "center",
              "aspectRatio": "4/6",
              "borderRadius": 12,
              "elevation": 3,
              "shadowColor": "#181818",
              "shadowOffset": {
                "height": 5,
                "width": 2,
              },
              "shadowOpacity": 0.7,
              "shadowRadius": 25,
              "width": 525,
            },
          ]
        }
      >
        <FastImageView
          defaultSource={null}
          resizeMode="cover"
          style={
            {
              "bottom": 0,
              "left": 0,
              "position": "absolute",
              "right": 0,
              "top": 0,
            }
          }
        />
      </View>
    </View>
  </View>,
]
`;
